// Jest Snapshot v1, https://goo.gl/fbAQLP

exports[`TransactionList [snapshot] matches 1`] = `
<View
  style={
    Object {
      "flex": 1,
    }
  }
>
  <RCTScrollView
    data={
      Array [
        Object {
          "custId": 0,
          "description": "Team Lunch",
          "transAmt": -53.23,
          "transFrom": "Checking Account",
          "transId": 24,
          "transTime": 1515703912733,
          "transTo": "Restaurant",
        },
        Object {
          "custId": 0,
          "description": "Team Lunch",
          "transAmt": -53.23,
          "transFrom": "Checking Account",
          "transId": 23,
          "transTime": 1515703912113,
          "transTo": "Restaurant",
        },
        Object {
          "custId": 0,
          "description": "Team Lunch",
          "transAmt": -53.23,
          "transFrom": "Checking Account",
          "transId": 22,
          "transTime": 1515703911630,
          "transTo": "Restaurant",
        },
      ]
    }
    disableVirtualization={false}
    getItem={[Function]}
    getItemCount={[Function]}
    horizontal={false}
    initialNumToRender={10}
    invertStickyHeaders={undefined}
    keyExtractor={[Function]}
    maxToRenderPerBatch={10}
    numColumns={1}
    onContentSizeChange={[Function]}
    onEndReachedThreshold={2}
    onLayout={[Function]}
    onMomentumScrollEnd={[Function]}
    onScroll={[Function]}
    onScrollBeginDrag={[Function]}
    onScrollEndDrag={[Function]}
    renderItem={[Function]}
    scrollEventThrottle={50}
    stickyHeaderIndices={Array []}
    updateCellsBatchingPeriod={50}
    viewabilityConfigCallbackPairs={Array []}
    windowSize={21}
  >
    <View>
      <View
        onLayout={[Function]}
        style={null}
      >
        <TransactionItem
          custId={0}
          description="Team Lunch"
          transAmt={-53.23}
          transFrom="Checking Account"
          transId={24}
          transTime={1515703912733}
          transTo="Restaurant"
        />
      </View>
      <View
        onLayout={[Function]}
        style={null}
      >
        <TransactionItem
          custId={0}
          description="Team Lunch"
          transAmt={-53.23}
          transFrom="Checking Account"
          transId={23}
          transTime={1515703912113}
          transTo="Restaurant"
        />
      </View>
      <View
        onLayout={[Function]}
        style={null}
      >
        <TransactionItem
          custId={0}
          description="Team Lunch"
          transAmt={-53.23}
          transFrom="Checking Account"
          transId={22}
          transTime={1515703911630}
          transTo="Restaurant"
        />
      </View>
    </View>
  </RCTScrollView>
</View>
`;
